// Jest Snapshot v1, https://goo.gl/fbAQLP

exports[`serialize serialize regular primitive and syft types 1`] = `
"// eslint-disable-next-line @typescript-eslint/no-unused-vars
import type { type, SyftEventType } from '@syftdata/client';

/**
 * This is a test event with two fields
 * @type {SyftEventType.TRACK}
 */
export class TestEvent {
  /**
   * This is a test field
   */
  test: string;

  email: type.Email;

}
"
`;
